
> web@0.1.0 build
> next build

Ôû▓ Next.js 16.2.6 (Turbopack)
- Environments: .env

  Creating an optimized production build ...
Ô£ô Compiled successfully in 4.1s
  Running TypeScript ...
  Finished TypeScript in 7.4s ...
  Collecting page data using 11 workers ...
  Generating static pages using 11 workers (0/48) ...
  Generating static pages using 11 workers (12/48) 
  Generating static pages using 11 workers (24/48) 
  Generating static pages using 11 workers (36/48) 
Ô£ô Generating static pages using 11 workers (48/48) in 541ms
  Finalizing page optimization ...

Route (app)
Ôöî Ôùï /
Ôö£ Ôùï /_not-found
Ôö£ ãÆ /admin
Ôö£ ãÆ /admin/companies
Ôö£ ãÆ /admin/companies/[id]
Ôö£ ãÆ /admin/logs
Ôö£ ãÆ /admin/payments
Ôö£ ãÆ /admin/users
Ôö£ ãÆ /admin/users/[id]
Ôö£ ãÆ /ai-assistant
Ôö£ ãÆ /api/auth/login
Ôö£ ãÆ /api/auth/logout
Ôö£ ãÆ /api/auth/me
Ôö£ ãÆ /api/auth/register
Ôö£ ãÆ /api/company/update
Ôö£ ãÆ /api/customers/create
Ôö£ ãÆ /api/customers/list
Ôö£ ãÆ /api/expenses/create
Ôö£ ãÆ /api/invoices/create-demo
Ôö£ ãÆ /api/invoices/create-e-invoice
Ôö£ ãÆ /api/invoices/create-from-sale
Ôö£ ãÆ /api/pos/checkout
Ôö£ ãÆ /api/products/create
Ôö£ ãÆ /api/products/list
Ôö£ ãÆ /api/sales/[id]
Ôö£ ãÆ /api/sales/create
Ôö£ ãÆ /api/upload
Ôö£ ãÆ /cash-bank
Ôö£ ãÆ /customers
Ôö£ Ôùï /customers/new
Ôö£ ãÆ /dashboard
Ôö£ ãÆ /expenses
Ôö£ Ôùï /expenses/new
Ôö£ ãÆ /invoices
Ôö£ Ôùï /invoices/e-invoice
Ôö£ ãÆ /invoices/new
Ôö£ Ôùï /login
Ôö£ ãÆ /notifications
Ôö£ Ôùï /onboarding
Ôö£ ãÆ /orders
Ôö£ Ôùï /pos
Ôö£ ãÆ /products
Ôö£ Ôùï /products/new
Ôö£ Ôùï /register
Ôö£ ãÆ /reports
Ôö£ ãÆ /sales
Ôö£ ãÆ /sales/[id]
Ôö£ Ôùï /sales/new
Ôö£ ãÆ /settings
Ôöö ãÆ /stocks


Ôùï  (Static)   prerendered as static content
ãÆ  (Dynamic)  server-rendered on demand

